
> astro-oxygenna-theme@0.0.1 test
> astro check

14:43:11 [content] Syncing content
14:43:11 [content] Synced content
14:43:11 [types] Generated 453ms
14:43:11 [check] Getting diagnostics for Astro files in /home/ale/Uniud/SUPE/riasissu-website2.0...
[96msrc/components/blocks/features/Giunta.astro[0m:[93m27[0m:[93m7[0m - [93mwarning[0m[90m ts(6133): [0m'rapprUdine' is declared but its value is never read.

[7m27[0m const rapprUdine = [
[7m  [0m [93m      ~~~~~~~~~~[0m
[96msrc/components/blocks/features/Giunta.astro[0m:[93m287[0m:[93m17[0m - [91merror[0m[90m ts(2339): [0mProperty 'initFlowbite' does not exist on type 'Window & typeof globalThis'.

[7m287[0m    if ((window).initFlowbite) (window as any).initFlowbite()
[7m   [0m [91m                ~~~~~~~~~~~~[0m
[96msrc/components/blocks/features/Giunta.astro[0m:[93m282[0m:[93m16[0m - [91merror[0m[90m ts(2339): [0mProperty 'Flowbite' does not exist on type 'Window & typeof globalThis'.

[7m282[0m   if ((window).Flowbite) {
[7m   [0m [91m               ~~~~~~~~[0m

[96msrc/components/blocks/features/Rappresentanti.astro[0m:[93m23[0m:[93m1[0m - [93mwarning[0m[90m ts(6133): [0m'StickySidebar' is declared but its value is never read.

[7m23[0m import StickySidebar from '../basic/StickySidebar.astro'
[7m  [0m [93m~~~~~~~~~~~~~~~~~~~~~~~~~~~~~~~~~~~~~~~~~~~~~~~~~~~~~~~~[0m
[96msrc/components/blocks/features/Rappresentanti.astro[0m:[93m21[0m:[93m1[0m - [93mwarning[0m[90m ts(6133): [0m'Feature2' is declared but its value is never read.

[7m21[0m import Feature2 from '../../ui/Feature.astro'
[7m  [0m [93m~~~~~~~~~~~~~~~~~~~~~~~~~~~~~~~~~~~~~~~~~~~~~[0m
[96msrc/components/blocks/features/Rappresentanti.astro[0m:[93m19[0m:[93m1[0m - [93mwarning[0m[90m ts(6133): [0m'Badge' is declared but its value is never read.

[7m19[0m import Badge from '../../ui/Badge.astro'
[7m  [0m [93m~~~~~~~~~~~~~~~~~~~~~~~~~~~~~~~~~~~~~~~~[0m
[96msrc/components/blocks/features/Rappresentanti.astro[0m:[93m17[0m:[93m1[0m - [93mwarning[0m[90m ts(6133): [0m'Card' is declared but its value is never read.

[7m17[0m import Card from '../../ui/cards/FeatureCard.astro'
[7m  [0m [93m~~~~~~~~~~~~~~~~~~~~~~~~~~~~~~~~~~~~~~~~~~~~~~~~~~~[0m
[96msrc/components/blocks/features/Rappresentanti.astro[0m:[93m15[0m:[93m1[0m - [93mwarning[0m[90m ts(6133): [0m'features' is declared but its value is never read.

[7m15[0m import features from '../../../data/json-files/featuresData.json'
[7m  [0m [93m~~~~~~~~~~~~~~~~~~~~~~~~~~~~~~~~~~~~~~~~~~~~~~~~~~~~~~~~~~~~~~~~~[0m
[96msrc/components/blocks/features/Rappresentanti.astro[0m:[93m12[0m:[93m1[0m - [93mwarning[0m[90m ts(6133): [0m'Feature' is declared but its value is never read.

[7m12[0m import Feature from '../../ui/Feature.astro'
[7m  [0m [93m~~~~~~~~~~~~~~~~~~~~~~~~~~~~~~~~~~~~~~~~~~~~[0m

[96msrc/components/blocks/features/SchedaRappresentanti.astro[0m:[93m30[0m:[93m30[0m - [93mwarning[0m[90m ts(6133): [0m'classes' is declared but its value is never read.

[7m30[0m const { scuola, luogo, data, classes } = Astro.props
[7m  [0m [93m                             ~~~~~~~[0m
[96msrc/components/blocks/features/SchedaRappresentanti.astro[0m:[93m13[0m:[93m1[0m - [93mwarning[0m[90m ts(6133): [0m'Badge' is declared but its value is never read.

[7m13[0m import Badge from '../../ui/Badge.astro'
[7m  [0m [93m~~~~~~~~~~~~~~~~~~~~~~~~~~~~~~~~~~~~~~~~[0m
[96msrc/components/blocks/features/SchedaRappresentanti.astro[0m:[93m11[0m:[93m1[0m - [93mwarning[0m[90m ts(6133): [0m'Card' is declared but its value is never read.

[7m11[0m import Card from '../../ui/cards/FeatureCard.astro'
[7m  [0m [93m~~~~~~~~~~~~~~~~~~~~~~~~~~~~~~~~~~~~~~~~~~~~~~~~~~~[0m
[96msrc/components/blocks/features/SchedaRappresentanti.astro[0m:[93m9[0m:[93m1[0m - [93mwarning[0m[90m ts(6133): [0m'features' is declared but its value is never read.

[7m9[0m import features from '../../../data/json-files/featuresData.json'
[7m [0m [93m~~~~~~~~~~~~~~~~~~~~~~~~~~~~~~~~~~~~~~~~~~~~~~~~~~~~~~~~~~~~~~~~~[0m
[96msrc/components/blocks/features/SchedaRappresentanti.astro[0m:[93m2[0m:[93m1[0m - [93mwarning[0m[90m ts(6133): [0m'Section' is declared but its value is never read.

[7m2[0m import Section from '../../ui/Section.astro'
[7m [0m [93m~~~~~~~~~~~~~~~~~~~~~~~~~~~~~~~~~~~~~~~~~~~~[0m

[96msrc/components/blocks/hero/MyHome.astro[0m:[93m24[0m:[93m7[0m - [93mwarning[0m[90m ts(6133): [0m'avatars' is declared but its value is never read.

[7m24[0m const avatars = [
[7m  [0m [93m      ~~~~~~~[0m
[96msrc/components/blocks/hero/MyHome.astro[0m:[93m19[0m:[93m1[0m - [93mwarning[0m[90m ts(6133): [0m'heroImage' is declared but its value is never read.

[7m19[0m import heroImage from '../../../assets/hero-01.png'
[7m  [0m [93m~~~~~~~~~~~~~~~~~~~~~~~~~~~~~~~~~~~~~~~~~~~~~~~~~~~[0m
[96msrc/components/blocks/hero/MyHome.astro[0m:[93m15[0m:[93m1[0m - [93mwarning[0m[90m ts(6133): [0m'AvatarGroup' is declared but its value is never read.

[7m15[0m import AvatarGroup from '../../ui/AvatarGroup.astro'
[7m  [0m [93m~~~~~~~~~~~~~~~~~~~~~~~~~~~~~~~~~~~~~~~~~~~~~~~~~~~~[0m
[96msrc/components/blocks/hero/MyHome.astro[0m:[93m14[0m:[93m1[0m - [93mwarning[0m[90m ts(6133): [0m'Button' is declared but its value is never read.

[7m14[0m import Button from '../../ui/Button.astro'
[7m  [0m [93m~~~~~~~~~~~~~~~~~~~~~~~~~~~~~~~~~~~~~~~~~~[0m
[96msrc/components/blocks/hero/MyHome.astro[0m:[93m13[0m:[93m1[0m - [93mwarning[0m[90m ts(6133): [0m'Image' is declared but its value is never read.

[7m13[0m import { Image } from 'astro:assets'
[7m  [0m [93m~~~~~~~~~~~~~~~~~~~~~~~~~~~~~~~~~~~~[0m
[96msrc/components/blocks/hero/MyHome.astro[0m:[93m12[0m:[93m1[0m - [93mwarning[0m[90m ts(6133): [0m'ChipNotification' is declared but its value is never read.

[7m12[0m import ChipNotification from '../../ui/ChipNotification.astro'
[7m  [0m [93m~~~~~~~~~~~~~~~~~~~~~~~~~~~~~~~~~~~~~~~~~~~~~~~~~~~~~~~~~~~~~~[0m

[96msrc/components/scripts/LocalScripts.astro[0m:[93m2[0m:[93m9[0m - [93mwarning[0m[90m astro(4000): [0mThis script will be treated as if it has the `is:inline` directive because it contains an attribute. Therefore, features that require processing (e.g. using TypeScript or npm packages in the script) are unavailable.

See docs for more details: https://docs.astro.build/en/guides/client-side-scripts/#script-processing.

Add the `is:inline` directive explicitly to silence this hint.

[7m2[0m <script async defer>
[7m [0m [93m        ~~~~~[0m

[96msrc/components/scripts/googleAnalytics.astro[0m:[93m10[0m:[93m9[0m - [93mwarning[0m[90m astro(4000): [0mThis script will be treated as if it has the `is:inline` directive because it contains an attribute. Therefore, features that require processing (e.g. using TypeScript or npm packages in the script) are unavailable.

See docs for more details: https://docs.astro.build/en/guides/client-side-scripts/#script-processing.

Add the `is:inline` directive explicitly to silence this hint.

[7m10[0m <script type="text/partytown" data-ga-measurement-id={googleAnalyticsMeasurementID} id="ga-init">
[7m  [0m [93m        ~~~~[0m
[96msrc/components/scripts/googleAnalytics.astro[0m:[93m7[0m:[93m2[0m - [93mwarning[0m[90m astro(4000): [0mThis script will be treated as if it has the `is:inline` directive because it contains an attribute. Therefore, features that require processing (e.g. using TypeScript or npm packages in the script) are unavailable.

See docs for more details: https://docs.astro.build/en/guides/client-side-scripts/#script-processing.

Add the `is:inline` directive explicitly to silence this hint.

[7m7[0m  type="text/partytown"
[7m [0m [93m ~~~~[0m

[96msrc/components/scripts/googleTagManagerHead.astro[0m:[93m7[0m:[93m9[0m - [93mwarning[0m[90m astro(4000): [0mThis script will be treated as if it has the `is:inline` directive because it contains an attribute. Therefore, features that require processing (e.g. using TypeScript or npm packages in the script) are unavailable.

See docs for more details: https://docs.astro.build/en/guides/client-side-scripts/#script-processing.

Add the `is:inline` directive explicitly to silence this hint.

[7m7[0m <script type="text/partytown" data-gtm-measurement-id={googleTagManagerID} id="gtm-init">
[7m [0m [93m        ~~~~[0m

[96msrc/pages/index.astro[0m:[93m14[0m:[93m1[0m - [93mwarning[0m[90m ts(6133): [0m'testimonialBackground' is declared but its value is never read.

[7m14[0m import testimonialBackground from '../assets/testimonial-bg-01.webp'
[7m  [0m [93m~~~~~~~~~~~~~~~~~~~~~~~~~~~~~~~~~~~~~~~~~~~~~~~~~~~~~~~~~~~~~~~~~~~~[0m
[96msrc/pages/index.astro[0m:[93m9[0m:[93m1[0m - [93mwarning[0m[90m ts(6133): [0m'HighlightBlocks' is declared but its value is never read.

[7m9[0m import HighlightBlocks from '../components/blocks/highlights/HightlightRows.astro'
[7m [0m [93m~~~~~~~~~~~~~~~~~~~~~~~~~~~~~~~~~~~~~~~~~~~~~~~~~~~~~~~~~~~~~~~~~~~~~~~~~~~~~~~~~~[0m
[96msrc/pages/index.astro[0m:[93m8[0m:[93m1[0m - [93mwarning[0m[90m ts(6133): [0m'Testimonial' is declared but its value is never read.

[7m8[0m import Testimonial from '../components/blocks/testimonials/BasicDark.astro'
[7m [0m [93m~~~~~~~~~~~~~~~~~~~~~~~~~~~~~~~~~~~~~~~~~~~~~~~~~~~~~~~~~~~~~~~~~~~~~~~~~~~[0m

[96msrc/pages/organigramma.astro[0m:[93m29[0m:[93m7[0m - [93mwarning[0m[90m ts(6133): [0m'testimonialData' is declared but its value is never read.

[7m29[0m const testimonialData = {
[7m  [0m [93m      ~~~~~~~~~~~~~~~[0m
[96msrc/pages/organigramma.astro[0m:[93m28[0m:[93m1[0m - [93mwarning[0m[90m ts(6133): [0m'testimonialBackground' is declared but its value is never read.

[7m28[0m import testimonialBackground from '../assets/testimonial-bg-02.webp'
[7m  [0m [93m~~~~~~~~~~~~~~~~~~~~~~~~~~~~~~~~~~~~~~~~~~~~~~~~~~~~~~~~~~~~~~~~~~~~[0m
[96msrc/pages/organigramma.astro[0m:[93m12[0m:[93m1[0m - [93mwarning[0m[90m ts(6133): [0m'CTA' is declared but its value is never read.

[7m12[0m import CTA from '../components/blocks/CTA/Dona.astro'
[7m  [0m [93m~~~~~~~~~~~~~~~~~~~~~~~~~~~~~~~~~~~~~~~~~~~~~~~~~~~~~[0m
[96msrc/pages/organigramma.astro[0m:[93m11[0m:[93m1[0m - [93mwarning[0m[90m ts(6133): [0m'Feature' is declared but its value is never read.

[7m11[0m import Feature from '../components/blocks/features/FeatureList.astro'
[7m  [0m [93m~~~~~~~~~~~~~~~~~~~~~~~~~~~~~~~~~~~~~~~~~~~~~~~~~~~~~~~~~~~~~~~~~~~~~[0m
[96msrc/pages/organigramma.astro[0m:[93m10[0m:[93m1[0m - [93mwarning[0m[90m ts(6133): [0m'Testimonial' is declared but its value is never read.

[7m10[0m import Testimonial from '../components/blocks/testimonials/BasicDark.astro'
[7m  [0m [93m~~~~~~~~~~~~~~~~~~~~~~~~~~~~~~~~~~~~~~~~~~~~~~~~~~~~~~~~~~~~~~~~~~~~~~~~~~~[0m
[96msrc/pages/organigramma.astro[0m:[93m9[0m:[93m1[0m - [93mwarning[0m[90m ts(6133): [0m'FAQ' is declared but its value is never read.

[7m9[0m import FAQ from '../components/blocks/FAQ/Basic.astro'
[7m [0m [93m~~~~~~~~~~~~~~~~~~~~~~~~~~~~~~~~~~~~~~~~~~~~~~~~~~~~~~[0m
[96msrc/pages/organigramma.astro[0m:[93m8[0m:[93m1[0m - [93mwarning[0m[90m ts(6133): [0m'SocialProof' is declared but its value is never read.

[7m8[0m import SocialProof from '../components/blocks/socialproof/Basic.astro'
[7m [0m [93m~~~~~~~~~~~~~~~~~~~~~~~~~~~~~~~~~~~~~~~~~~~~~~~~~~~~~~~~~~~~~~~~~~~~~~[0m
[96msrc/pages/organigramma.astro[0m:[93m7[0m:[93m1[0m - [93mwarning[0m[90m ts(6133): [0m'Price' is declared but its value is never read.

[7m7[0m import Price from '../components/blocks/pricing/PricingColumns.astro'
[7m [0m [93m~~~~~~~~~~~~~~~~~~~~~~~~~~~~~~~~~~~~~~~~~~~~~~~~~~~~~~~~~~~~~~~~~~~~~[0m

Result (99 files): 
- 0 errors
- 0 warnings
- 33 hints

